[okamiowl.tk/index.html]
[backblue.gif]
[fade.gif]
[index.html]
[okamiowl.tk/bitnami.css]
[okamiowl.tk/img/bitnami.png]
[okamiowl.tk/index.html]
[okamiowl.tk/img/wordpress.png]
[okamiowl.tk/wordpress/index.html]
[okamiowl.tk/img/header_bg.png]
[okamiowl.tk/img/menu_bg.png]
[okamiowl.tk/phpmyadmin/index.html]
[okamiowl.tk/img/sub_header_bg.png]
[okamiowl.tk/img/round_table_top_left.png]
[okamiowl.tk/img/round_table_middle_top.png]
[okamiowl.tk/img/round_table_top_right.png]
[okamiowl.tk/img/round_table_middle_left.png]
[okamiowl.tk/img/round_table_middle_right.png]
[okamiowl.tk/img/round_table_bottom_left.png]
[okamiowl.tk/img/round_table_middle_bottom.png]
[okamiowl.tk/img/round_table_bottom_right.png]
[okamiowl.tk/bitnami.css]
[okamiowl.tk/wordpress/wp-content/themes/themify-ultra/themify/css/themify.common.min341d.css]
[okamiowl.tk/wordpress/wp-includes/css/dist/block-library/style.minc225.css]
[okamiowl.tk/wordpress/feed/index.html]
[okamiowl.tk/wordpress/wp-content/themes/themify-ultra/style.minae29.css]
[okamiowl.tk/wordpress/wp-content/themes/themify-ultra/media-queries.minae29.css]
[okamiowl.tk/wordpress/wp-content/themes/themify-ultra/styles/header-leftpane.minae29.css]
[okamiowl.tk/wordpress/comments/feed/index.html]
[okamiowl.tk/wordpress/wp-content/uploads/themify-css/themify-builder-8-generated1509.css]
[okamiowl.tk/wordpress/wp-content/plugins/addthis/frontend/build/addthis_wordpress_public.minc225.css]
[okamiowl.tk/wordpress/xmlrpc0db0.php]
[okamiowl.tk/wordpress/wp-includes/js/jquery/jquery-migrate.min330a.js]
[okamiowl.tk/wordpress/wp-includes/wlwmanifest.xml]
[okamiowl.tk/wordpress/wp-includes/js/jquery/jquery4a5f.js]
[okamiowl.tk/wordpress/wp-json/index.html]
[okamiowl.tk/wordpress/wp-json/oembed/1.0/embedc1ed.json]
[okamiowl.tk/wordpress/wp-json/oembed/1.0/embeda533]
[okamiowl.tk/wordpress/wp-content/themes/themify-ultra/themify/themify-builder/css/themify-builder-style.min341d.css]
[okamiowl.tk/wordpress/wp-content/themes/themify-ultra/themify/js/themify.sidemenu.minae29.js]
[okamiowl.tk/wordpress/wp-content/themes/themify-ultra/themify/js/main.min341d.js]
[okamiowl.tk/wordpress/wp-includes/js/wp-embed.minc225.js]
[okamiowl.tk/wordpress/index.html]
[okamiowl.tk/phpmyadmin/index.html]
[okamiowl.tk/wordpress/wp-content/themes/themify-ultra/themify/css/themify.common.min341d.css]
[okamiowl.tk/wordpress/wp-includes/css/dist/block-library/style.minc225.css]
[okamiowl.tk/wordpress/wp-content/themes/themify-ultra/style.minae29.css]
[okamiowl.tk/wordpress/wp-content/themes/themify-ultra/media-queries.minae29.css]
[okamiowl.tk/wordpress/wp-content/themes/themify-ultra/styles/header-leftpane.minae29.css]
[127.0.0.1/wordpress/wp-content/uploads/2020/05/hopelly.jpg]
[okamiowl.tk/wordpress/wp-content/themes/themify-ultra/js/themify.script.minae29.js]
[okamiowl.tk/wordpress/wp-content/uploads/themify-css/themify-builder-8-generated1509.css]
[okamiowl.tk/wordpress/wp-content/plugins/addthis/frontend/build/addthis_wordpress_public.minc225.css]
[okamiowl.tk/wordpress/wp-content/themes/themify-ultra/themify/themify-builder/css/themify-builder-style.min341d.css]
[s7.addthis.com/js/300/addthis_widgetc225.js]
